

Tue Jan 28 12:32:29 2020
Command line: TestDisk

TestDisk 7.1, Data Recovery Utility, July 2019
Christophe GRENIER <grenier@cgsecurity.org>
https://www.cgsecurity.org
OS: Linux, kernel 4.19.88-1-MANJARO (#1 SMP PREEMPT Thu Dec 5 11:04:44 UTC 2019) x86_64
Compiler: GCC 9.2
ext2fs lib: 1.45.4, ntfs lib: libntfs-3g, reiserfs lib: 0.3.0.5, ewf lib: none, curses lib: ncurses 6.1
User is not root!
Hard disk list


TestDisk exited normally.
Using locale 'en_US.UTF-8'.


Tue Jan 28 12:32:29 2020
Command line: TestDisk /debug

TestDisk 7.1, Data Recovery Utility, July 2019
Christophe GRENIER <grenier@cgsecurity.org>
https://www.cgsecurity.org
OS: Linux, kernel 4.19.88-1-MANJARO (#1 SMP PREEMPT Thu Dec 5 11:04:44 UTC 2019) x86_64
Compiler: GCC 9.2
ext2fs lib: 1.45.4, ntfs lib: libntfs-3g, reiserfs lib: 0.3.0.5, ewf lib: none, curses lib: ncurses 6.1
/dev/sda: LBA, HPA, LBA48, DCO support
/dev/sda: size       468862128 sectors
/dev/sda: user_max   468862128 sectors
/dev/sda: native_max 468862128 sectors
/dev/sda: dco        468862128 sectors
Warning: can't get size for Disk /dev/mapper/control - 0 B - 0 sectors, sector size=512
Hard disk list
Disk /dev/sda - 240 GB / 223 GiB - CHS 29185 255 63, sector size=512 - ADATA SP550, S/N:2F5020008506, FW:O0803B5a

Partition table type (auto): Intel
Disk /dev/sda - 240 GB / 223 GiB - ADATA SP550
Partition table type: Intel

Interface Advanced
Geometry from i386 MBR: head=97 sector=35
BAD_RS LBA=314574848 8002036
check_part_i386 failed for partition type 83
 1 * Linux                    0  32 33 19581  96 35  314572800
     ext4 blocksize=4096 Large_file Sparse_SB Recover, 161 GB / 150 GiB
 2 P Linux                19581  96 36 21670  11 37   33554432
SIGINT detected! TestDisk has been killed.
